Archive member included to satisfy reference by file (symbol)

C:/Program Files (x86)/Arm GNU Toolchain arm-none-eabi/13.2 Rel1/bin/../lib/gcc/arm-none-eabi/13.2.1/thumb/v7-m/nofp\libg_nano.a(libc_a-fflush.o)
                              ./output/startup_gcc.o (fflush)
C:/Program Files (x86)/Arm GNU Toolchain arm-none-eabi/13.2 Rel1/bin/../lib/gcc/arm-none-eabi/13.2.1/thumb/v7-m/nofp\libg_nano.a(libc_a-findfp.o)
                              C:/Program Files (x86)/Arm GNU Toolchain arm-none-eabi/13.2 Rel1/bin/../lib/gcc/arm-none-eabi/13.2.1/thumb/v7-m/nofp\libg_nano.a(libc_a-fflush.o) (__sglue)
C:/Program Files (x86)/Arm GNU Toolchain arm-none-eabi/13.2 Rel1/bin/../lib/gcc/arm-none-eabi/13.2.1/thumb/v7-m/nofp\libg_nano.a(libc_a-fwalk.o)
                              C:/Program Files (x86)/Arm GNU Toolchain arm-none-eabi/13.2 Rel1/bin/../lib/gcc/arm-none-eabi/13.2.1/thumb/v7-m/nofp\libg_nano.a(libc_a-fflush.o) (_fwalk_sglue)
C:/Program Files (x86)/Arm GNU Toolchain arm-none-eabi/13.2 Rel1/bin/../lib/gcc/arm-none-eabi/13.2.1/thumb/v7-m/nofp\libg_nano.a(libc_a-stdio.o)
                              C:/Program Files (x86)/Arm GNU Toolchain arm-none-eabi/13.2 Rel1/bin/../lib/gcc/arm-none-eabi/13.2.1/thumb/v7-m/nofp\libg_nano.a(libc_a-findfp.o) (__sread)
C:/Program Files (x86)/Arm GNU Toolchain arm-none-eabi/13.2 Rel1/bin/../lib/gcc/arm-none-eabi/13.2.1/thumb/v7-m/nofp\libg_nano.a(libc_a-memcmp.o)
                              ./output/MessageBufferDemo.o (memcmp)
C:/Program Files (x86)/Arm GNU Toolchain arm-none-eabi/13.2 Rel1/bin/../lib/gcc/arm-none-eabi/13.2.1/thumb/v7-m/nofp\libg_nano.a(libc_a-memset.o)
                              ./output/tasks.o (memset)
C:/Program Files (x86)/Arm GNU Toolchain arm-none-eabi/13.2 Rel1/bin/../lib/gcc/arm-none-eabi/13.2.1/thumb/v7-m/nofp\libg_nano.a(libc_a-closer.o)
                              C:/Program Files (x86)/Arm GNU Toolchain arm-none-eabi/13.2 Rel1/bin/../lib/gcc/arm-none-eabi/13.2.1/thumb/v7-m/nofp\libg_nano.a(libc_a-stdio.o) (_close_r)
C:/Program Files (x86)/Arm GNU Toolchain arm-none-eabi/13.2 Rel1/bin/../lib/gcc/arm-none-eabi/13.2.1/thumb/v7-m/nofp\libg_nano.a(libc_a-reent.o)
                              C:/Program Files (x86)/Arm GNU Toolchain arm-none-eabi/13.2 Rel1/bin/../lib/gcc/arm-none-eabi/13.2.1/thumb/v7-m/nofp\libg_nano.a(libc_a-closer.o) (errno)
C:/Program Files (x86)/Arm GNU Toolchain arm-none-eabi/13.2 Rel1/bin/../lib/gcc/arm-none-eabi/13.2.1/thumb/v7-m/nofp\libg_nano.a(libc_a-impure.o)
                              ./output/startup_gcc.o (_impure_ptr)
C:/Program Files (x86)/Arm GNU Toolchain arm-none-eabi/13.2 Rel1/bin/../lib/gcc/arm-none-eabi/13.2.1/thumb/v7-m/nofp\libg_nano.a(libc_a-lseekr.o)
                              C:/Program Files (x86)/Arm GNU Toolchain arm-none-eabi/13.2 Rel1/bin/../lib/gcc/arm-none-eabi/13.2.1/thumb/v7-m/nofp\libg_nano.a(libc_a-stdio.o) (_lseek_r)
C:/Program Files (x86)/Arm GNU Toolchain arm-none-eabi/13.2 Rel1/bin/../lib/gcc/arm-none-eabi/13.2.1/thumb/v7-m/nofp\libg_nano.a(libc_a-readr.o)
                              C:/Program Files (x86)/Arm GNU Toolchain arm-none-eabi/13.2 Rel1/bin/../lib/gcc/arm-none-eabi/13.2.1/thumb/v7-m/nofp\libg_nano.a(libc_a-stdio.o) (_read_r)
C:/Program Files (x86)/Arm GNU Toolchain arm-none-eabi/13.2 Rel1/bin/../lib/gcc/arm-none-eabi/13.2.1/thumb/v7-m/nofp\libg_nano.a(libc_a-writer.o)
                              C:/Program Files (x86)/Arm GNU Toolchain arm-none-eabi/13.2 Rel1/bin/../lib/gcc/arm-none-eabi/13.2.1/thumb/v7-m/nofp\libg_nano.a(libc_a-stdio.o) (_write_r)
C:/Program Files (x86)/Arm GNU Toolchain arm-none-eabi/13.2 Rel1/bin/../lib/gcc/arm-none-eabi/13.2.1/thumb/v7-m/nofp\libg_nano.a(libc_a-lock.o)
                              C:/Program Files (x86)/Arm GNU Toolchain arm-none-eabi/13.2 Rel1/bin/../lib/gcc/arm-none-eabi/13.2.1/thumb/v7-m/nofp\libg_nano.a(libc_a-findfp.o) (__retarget_lock_init_recursive)
C:/Program Files (x86)/Arm GNU Toolchain arm-none-eabi/13.2 Rel1/bin/../lib/gcc/arm-none-eabi/13.2.1/thumb/v7-m/nofp\libg_nano.a(libc_a-strcmp.o)
                              ./output/MessageBufferAMP.o (strcmp)
C:/Program Files (x86)/Arm GNU Toolchain arm-none-eabi/13.2 Rel1/bin/../lib/gcc/arm-none-eabi/13.2.1/thumb/v7-m/nofp\libg_nano.a(libc_a-memcpy-stub.o)
                              ./output/queue.o (memcpy)
C:/Program Files (x86)/Arm GNU Toolchain arm-none-eabi/13.2 Rel1/bin/../lib/gcc/arm-none-eabi/13.2.1/thumb/v7-m/nofp\libg_nano.a(libc_a-strlen.o)
                              ./output/tasks.o (strlen)
C:/Program Files (x86)/Arm GNU Toolchain arm-none-eabi/13.2 Rel1/bin/../lib/gcc/arm-none-eabi/13.2.1/thumb/v7-m/nofp\libg_nano.a(libc_a-freer.o)
                              C:/Program Files (x86)/Arm GNU Toolchain arm-none-eabi/13.2 Rel1/bin/../lib/gcc/arm-none-eabi/13.2.1/thumb/v7-m/nofp\libg_nano.a(libc_a-fflush.o) (_free_r)
[...]
Memory Configuration

Name             Origin             Length             Attributes
FLASH            0x00000000         0x00400000         xr
RAM              0x20000000         0x00400000         rw
*default*        0x00000000         0xffffffff

Linker script and memory map

LOAD ./output/tasks.o
LOAD ./output/list.o
LOAD ./output/queue.o
LOAD ./output/timers.o
LOAD ./output/event_groups.o
LOAD ./output/stream_buffer.o
LOAD ./output/heap_4.o
LOAD ./output/port.o
LOAD ./output/AbortDelay.o
LOAD ./output/BlockQ.o
LOAD ./output/blocktim.o
LOAD ./output/countsem.o
LOAD ./output/death.o
LOAD ./output/dynamic.o
LOAD ./output/EventGroupsDemo.o
LOAD ./output/GenQTest.o
LOAD ./output/integer.o
LOAD ./output/IntQueue.o
LOAD ./output/IntQueueTimer.o
LOAD ./output/IntSemTest.o
LOAD ./output/MessageBufferAMP.o
LOAD ./output/MessageBufferDemo.o
LOAD ./output/PollQ.o
LOAD ./output/QPeek.o
LOAD ./output/QueueOverwrite.o
LOAD ./output/QueueSet.o
LOAD ./output/QueueSetPolling.o
LOAD ./output/recmutex.o
LOAD ./output/semtest.o
LOAD ./output/StaticAllocation.o
LOAD ./output/StreamBufferDemo.o
LOAD ./output/StreamBufferInterrupt.o
LOAD ./output/TaskNotify.o
LOAD ./output/TaskNotifyArray.o
LOAD ./output/TimerDemo.o
LOAD ./output/main.o
LOAD ./output/startup_gcc.o
LOAD ./output/printf-stdarg.o
                0x00000008                        _Min_Heap_Size = 0x8
                0x00000400                        _Min_Stack_Size = 0x400
                0x20400000                        _estack = (ORIGIN (RAM) + LENGTH (RAM))

.isr_vector     0x00000000       0x78
                0x00000000                        __vector_table = .
 *(.isr_vector)
 .isr_vector    0x00000000       0x78 ./output/startup_gcc.o
                0x00000000                isr_vector
                0x00000078                        . = ALIGN (0x4)

.text           0x00000078      0x20f
 *(.text)
 *(.rodata*)
 .rodata.uxTopUsedPriority
                0x00000078        0x4 ./output/tasks.o
                0x00000078                uxTopUsedPriority
 .rodata        0x0000007c       0x25 ./output/tasks.o
 *fill*         0x000000a1        0x3 
 .rodata        0x000000a4       0x1e ./output/queue.o
 *fill*         0x000000c2        0x2 
 .rodata        0x000000c4       0x2d ./output/timers.o
 *fill*         0x000000f1        0x3 
 .rodata        0x000000f4       0x30 ./output/heap_4.o
 .rodata        0x00000124       0x32 ./output/port.o
 *fill*         0x00000156        0x2 
 .rodata        0x00000158       0xef ./output/main.o
 *fill*         0x00000247        0x1 
 .rodata        0x00000248       0x36 ./output/startup_gcc.o
 *fill*         0x0000027e        0x2 
 .rodata        0x00000280        0x7 ./output/printf-stdarg.o
 *(.constdata*)
                0x00000287                        _etext = .
                0x00000287                        _sidata = .

.glue_7         0x00000288        0x0
 .glue_7        0x00000288        0x0 linker stubs

.glue_7t        0x00000288        0x0
 .glue_7t       0x00000288        0x0 linker stubs

.vfp11_veneer   0x00000288        0x0
 .vfp11_veneer  0x00000288        0x0 linker stubs

.v4_bx          0x00000288        0x0
 .v4_bx         0x00000288        0x0 linker stubs

.text.xTaskCreateStatic
                0x00000288       0xac
 .text.xTaskCreateStatic
                0x00000288       0xac ./output/tasks.o
                0x00000288                xTaskCreateStatic

.text.xTaskCreate
                0x00000334       0x9c
 .text.xTaskCreate
                0x00000334       0x9c ./output/tasks.o
                0x00000334                xTaskCreate

.text.prvInitialiseNewTask
                0x000003d0      0x140
 .text.prvInitialiseNewTask
                0x000003d0      0x140 ./output/tasks.o

.text.prvAddNewTaskToReadyList
                0x00000510      0x124
 .text.prvAddNewTaskToReadyList
                0x00000510      0x124 ./output/tasks.o

.text.xTaskDelayUntil
                0x00000634       0xdc
 .text.xTaskDelayUntil
                0x00000634       0xdc ./output/tasks.o
                0x00000634                xTaskDelayUntil

.text.vTaskDelay
                0x00000710       0x60
 .text.vTaskDelay
                0x00000710       0x60 ./output/tasks.o
                0x00000710                vTaskDelay

.text.vTaskStartScheduler
                0x00000770      0x18c
 .text.vTaskStartScheduler
                0x00000770      0x18c ./output/tasks.o
                0x00000770                vTaskStartScheduler

.text.vTaskSuspendAll
                0x000008fc       0x1c
 .text.vTaskSuspendAll
                0x000008fc       0x1c ./output/tasks.o
                0x000008fc                vTaskSuspendAll

.text.xTaskResumeAll
                0x00000918      0x1f0
 .text.xTaskResumeAll
                0x00000918      0x1f0 ./output/tasks.o
                0x00000918                xTaskResumeAll

.text.xTaskGetTickCount
                0x00000b08       0x1c
 .text.xTaskGetTickCount
                0x00000b08       0x1c ./output/tasks.o
                0x00000b08                xTaskGetTickCount

.text.uxTaskGetNumberOfTasks
                0x00000b24       0x14
 .text.uxTaskGetNumberOfTasks
                0x00000b24       0x14 ./output/tasks.o
                0x00000b24                uxTaskGetNumberOfTasks

.text.xTaskIncrementTick
                0x00000b38      0x234
 .text.xTaskIncrementTick
                0x00000b38      0x234 ./output/tasks.o
                0x00000b38                xTaskIncrementTick

.text.vTaskSwitchContext
                0x00000d6c      0x13c
 .text.vTaskSwitchContext
                0x00000d6c      0x13c ./output/tasks.o
                0x00000d6c                vTaskSwitchContext

.text.vTaskPlaceOnEventList
                0x00000ea8       0x40
 .text.vTaskPlaceOnEventList
                0x00000ea8       0x40 ./output/tasks.o
                0x00000ea8                vTaskPlaceOnEventList

.text.vTaskPlaceOnEventListRestricted
                0x00000ee8       0x84
 .text.vTaskPlaceOnEventListRestricted
                0x00000ee8       0x84 ./output/tasks.o
                0x00000ee8                vTaskPlaceOnEventListRestricted

.text.xTaskRemoveFromEventList
                0x00000f6c      0x1a0
 .text.xTaskRemoveFromEventList
                0x00000f6c      0x1a0 ./output/tasks.o
                0x00000f6c                xTaskRemoveFromEventList

.text.vTaskInternalSetTimeOutState
                0x0000110c       0x2c
 .text.vTaskInternalSetTimeOutState
                0x0000110c       0x2c ./output/tasks.o
                0x0000110c                vTaskInternalSetTimeOutState

.text.xTaskCheckForTimeOut
                0x00001138       0xd8
 .text.xTaskCheckForTimeOut
                0x00001138       0xd8 ./output/tasks.o
                0x00001138                xTaskCheckForTimeOut

.text.vTaskMissedYield
                0x00001210       0x18
 .text.vTaskMissedYield
                0x00001210       0x18 ./output/tasks.o
                0x00001210                vTaskMissedYield

.text.prvIdleTask
                0x00001228        0xe
 .text.prvIdleTask
                0x00001228        0xe ./output/tasks.o

.text.prvInitialiseTaskLists
                0x00001238       0x80
 .text.prvInitialiseTaskLists
                0x00001238       0x80 ./output/tasks.o

.text.prvCheckTasksWaitingTermination
                0x000012b8       0x5c
 .text.prvCheckTasksWaitingTermination
                0x000012b8       0x5c ./output/tasks.o

.text.prvDeleteTCB
                0x00001314       0x58
 .text.prvDeleteTCB
                0x00001314       0x58 ./output/tasks.o

.text.prvResetNextTaskUnblockTime
                0x0000136c       0x34
 .text.prvResetNextTaskUnblockTime
                0x0000136c       0x34 ./output/tasks.o

.text.xTaskGetSchedulerState
                0x000013a0       0x3c
 .text.xTaskGetSchedulerState
                0x000013a0       0x3c ./output/tasks.o
                0x000013a0                xTaskGetSchedulerState

.text.xTaskPriorityDisinherit
                0x000013dc      0x130
 .text.xTaskPriorityDisinherit
                0x000013dc      0x130 ./output/tasks.o
                0x000013dc                xTaskPriorityDisinherit

.text.prvAddCurrentTaskToDelayedList
                0x0000150c      0x108
 .text.prvAddCurrentTaskToDelayedList
                0x0000150c      0x108 ./output/tasks.o

.iplt           0x00001614        0x0
 .iplt          0x00001614        0x0 ./output/tasks.o

.text.vListInitialise
                0x00001614       0x3e
 .text.vListInitialise
                0x00001614       0x3e ./output/list.o
                0x00001614                vListInitialise

.text.vListInitialiseItem
                0x00001652       0x18
 .text.vListInitialiseItem
                0x00001652       0x18 ./output/list.o
                0x00001652                vListInitialiseItem

.text.vListInsert
                0x0000166a       0x70
 .text.vListInsert
                0x0000166a       0x70 ./output/list.o
                0x0000166a                vListInsert

.text.uxListRemove
                0x000016da       0x52
 .text.uxListRemove
                0x000016da       0x52 ./output/list.o
                0x000016da                uxListRemove

.text.xQueueGenericReset
                0x0000172c      0x10c
 .text.xQueueGenericReset
                0x0000172c      0x10c ./output/queue.o
                0x0000172c                xQueueGenericReset

.text.xQueueGenericCreateStatic
                0x00001838       0x9c
 .text.xQueueGenericCreateStatic
                0x00001838       0x9c ./output/queue.o
                0x00001838                xQueueGenericCreateStatic

.text.prvInitialiseNewQueue
                0x000018d4       0x44
 .text.prvInitialiseNewQueue
                0x000018d4       0x44 ./output/queue.o

.text.xQueueGenericSendFromISR
                0x00001918      0x168
 .text.xQueueGenericSendFromISR
                0x00001918      0x168 ./output/queue.o
                0x00001918                xQueueGenericSendFromISR

.text.xQueueReceive
                0x00001a80      0x1a0
 .text.xQueueReceive
                0x00001a80      0x1a0 ./output/queue.o
                0x00001a80                xQueueReceive

.text.xQueueReceiveFromISR
                0x00001c20      0x110
 .text.xQueueReceiveFromISR
                0x00001c20      0x110 ./output/queue.o
                0x00001c20                xQueueReceiveFromISR

.text.prvCopyDataToQueue
                0x00001d30       0xd4
 .text.prvCopyDataToQueue
                0x00001d30       0xd4 ./output/queue.o

.text.prvCopyDataFromQueue
                0x00001e04       0x4c
 .text.prvCopyDataFromQueue
                0x00001e04       0x4c ./output/queue.o

.text.prvUnlockQueue
                0x00001e50       0xbe
 .text.prvUnlockQueue
                0x00001e50       0xbe ./output/queue.o

.text.prvIsQueueEmpty
                0x00001f0e       0x2c
 .text.prvIsQueueEmpty
                0x00001f0e       0x2c ./output/queue.o

.text.xQueueIsQueueFullFromISR
                0x00001f3c       0x40
 .text.xQueueIsQueueFullFromISR
                0x00001f3c       0x40 ./output/queue.o
                0x00001f3c                xQueueIsQueueFullFromISR

.text.vQueueAddToRegistry
                0x00001f7c       0x90
 .text.vQueueAddToRegistry
                0x00001f7c       0x90 ./output/queue.o
                0x00001f7c                vQueueAddToRegistry

.text.vQueueWaitForMessageRestricted
                0x0000200c       0x68
 .text.vQueueWaitForMessageRestricted
                0x0000200c       0x68 ./output/queue.o
                0x0000200c                vQueueWaitForMessageRestricted

.text.prvNotifyQueueSetContainer
                0x00002074       0xc0
 .text.prvNotifyQueueSetContainer
                0x00002074       0xc0 ./output/queue.o

.text.xTimerCreateTimerTask
                0x00002134       0x88
 .text.xTimerCreateTimerTask
                0x00002134       0x88 ./output/timers.o
                0x00002134                xTimerCreateTimerTask

.text.prvReloadTimer
                0x000021bc       0x42
 .text.prvReloadTimer
                0x000021bc       0x42 ./output/timers.o

.text.prvProcessExpiredTimer
                0x00002200       0x60
 .text.prvProcessExpiredTimer
                0x00002200       0x60 ./output/timers.o

.text.prvTimerTask
                0x00002260       0x26
 .text.prvTimerTask
                0x00002260       0x26 ./output/timers.o

.text.prvProcessTimerOrBlockTask
                0x00002288       0x9c
 .text.prvProcessTimerOrBlockTask
                0x00002288       0x9c ./output/timers.o

.text.prvGetNextExpireTime
                0x00002324       0x44
 .text.prvGetNextExpireTime
                0x00002324       0x44 ./output/timers.o

.text.prvSampleTimeNow
                0x00002368       0x40
 .text.prvSampleTimeNow
                0x00002368       0x40 ./output/timers.o

.text.prvInsertTimerInActiveList
                0x000023a8       0x84
 .text.prvInsertTimerInActiveList
                0x000023a8       0x84 ./output/timers.o

.text.prvProcessReceivedCommands
                0x0000242c      0x1a4
 .text.prvProcessReceivedCommands
                0x0000242c      0x1a4 ./output/timers.o

.text.prvSwitchTimerLists
                0x000025d0       0x4c
 .text.prvSwitchTimerLists
                0x000025d0       0x4c ./output/timers.o

.text.prvCheckForValidListAndQueue
                0x0000261c       0x80
 .text.prvCheckForValidListAndQueue
                0x0000261c       0x80 ./output/timers.o

.text.pvPortMalloc
                0x0000269c      0x168
 .text.pvPortMalloc
                0x0000269c      0x168 ./output/heap_4.o
                0x0000269c                pvPortMalloc

.text.vPortFree
                0x00002804       0x9c
 .text.vPortFree
                0x00002804       0x9c ./output/heap_4.o
                0x00002804                vPortFree

.text.prvHeapInit
                0x000028a0       0xb8
 .text.prvHeapInit
                0x000028a0       0xb8 ./output/heap_4.o

.text.prvInsertBlockIntoFreeList
                0x00002958       0xb0
 .text.prvInsertBlockIntoFreeList
                0x00002958       0xb0 ./output/heap_4.o

.text.pxPortInitialiseStack
                0x00002a08       0x58
 .text.pxPortInitialiseStack
                0x00002a08       0x58 ./output/port.o
                0x00002a08                pxPortInitialiseStack

.text.prvTaskExitError
                0x00002a60       0x4c
 .text.prvTaskExitError
                0x00002a60       0x4c ./output/port.o

.text.vPortSVCHandler
                0x00002ab0       0x28
 .text.vPortSVCHandler
                0x00002ab0       0x28 ./output/port.o
                0x00002ab0                vPortSVCHandler

.text.prvPortStartFirstTask
                0x00002ad8       0x24
 .text.prvPortStartFirstTask
                0x00002ad8       0x24 ./output/port.o

.text.xPortStartScheduler
                0x00002afc       0xc0
 .text.xPortStartScheduler
                0x00002afc       0xc0 ./output/port.o
                0x00002afc                xPortStartScheduler

.text.vPortEnterCritical
                0x00002bbc       0x54
 .text.vPortEnterCritical
                0x00002bbc       0x54 ./output/port.o
                0x00002bbc                vPortEnterCritical

.text.vPortExitCritical
                0x00002c10       0x48
 .text.vPortExitCritical
                0x00002c10       0x48 ./output/port.o
                0x00002c10                vPortExitCritical

.text.xPortPendSVHandler
                0x00002c60       0x48
 .text.xPortPendSVHandler
                0x00002c60       0x48 ./output/port.o
                0x00002c60                xPortPendSVHandler

.text.xPortSysTickHandler
                0x00002ca8       0x44
 .text.xPortSysTickHandler
                0x00002ca8       0x44 ./output/port.o
                0x00002ca8                xPortSysTickHandler

.text.vPortSetupTimerInterrupt
                0x00002cec       0x34
 .text.vPortSetupTimerInterrupt
                0x00002cec       0x34 ./output/port.o
                0x00002cec                vPortSetupTimerInterrupt

.text.vPortValidateInterruptPriority
                0x00002d20       0x68
 .text.vPortValidateInterruptPriority
                0x00002d20       0x68 ./output/port.o
                0x00002d20                vPortValidateInterruptPriority

.text.prvRecordValue_NormallyFull
                0x00002d88       0x3c
 .text.prvRecordValue_NormallyFull
                0x00002d88       0x3c ./output/IntQueue.o

.text.prvRecordValue_NormallyEmpty
                0x00002dc4       0x3c
 .text.prvRecordValue_NormallyEmpty
                0x00002dc4       0x3c ./output/IntQueue.o

.text.prvQueueAccessLogError
                0x00002e00       0x28
 .text.prvQueueAccessLogError
                0x00002e00       0x28 ./output/IntQueue.o

.text.xFirstTimerHandler
                0x00002e28      0x1b8
 .text.xFirstTimerHandler
                0x00002e28      0x1b8 ./output/IntQueue.o
                0x00002e28                xFirstTimerHandler

.text.xSecondTimerHandler
                0x00002fe0      0x290
 .text.xSecondTimerHandler
                0x00002fe0      0x290 ./output/IntQueue.o
                0x00002fe0                xSecondTimerHandler

.text.TIMER0_Handler
                0x00003270       0x48
 .text.TIMER0_Handler
                0x00003270       0x48 ./output/IntQueueTimer.o
                0x00003270                TIMER0_Handler

.text.TIMER1_Handler
                0x000032b8       0x48
 .text.TIMER1_Handler
                0x000032b8       0x48 ./output/IntQueueTimer.o
                0x000032b8                TIMER1_Handler

.text.main      0x00003300       0xc8
 .text.main     0x00003300       0xc8 ./output/main.o
                0x00003300                main

.text.vTask1    0x000033c8       0x38
 .text.vTask1   0x000033c8       0x38 ./output/main.o

.text.vTask2    0x00003400       0x40
 .text.vTask2   0x00003400       0x40 ./output/main.o

.text.vTask3    0x00003440       0x38
 .text.vTask3   0x00003440       0x38 ./output/main.o

.text.vApplicationMallocFailedHook
                0x00003478       0x28
 .text.vApplicationMallocFailedHook
                0x00003478       0x28 ./output/main.o
                0x00003478                vApplicationMallocFailedHook

.text.vApplicationStackOverflowHook
                0x000034a0       0x30
 .text.vApplicationStackOverflowHook
                0x000034a0       0x30 ./output/main.o
                0x000034a0                vApplicationStackOverflowHook

.text.vApplicationTickHook
                0x000034d0        0xc
 .text.vApplicationTickHook
                0x000034d0        0xc ./output/main.o
                0x000034d0                vApplicationTickHook

.text.vAssertCalled
                0x000034dc       0x3c
 .text.vAssertCalled
                0x000034dc       0x3c ./output/main.o
                0x000034dc                vAssertCalled

.text.vApplicationGetIdleTaskMemory
                0x00003518       0x30
 .text.vApplicationGetIdleTaskMemory
                0x00003518       0x30 ./output/main.o
                0x00003518                vApplicationGetIdleTaskMemory

.text.vApplicationGetTimerTaskMemory
                0x00003548       0x30
 .text.vApplicationGetTimerTaskMemory
                0x00003548       0x30 ./output/main.o
                0x00003548                vApplicationGetTimerTaskMemory

.text.prvUARTInit
                0x00003578       0x20
 .text.prvUARTInit
                0x00003578       0x20 ./output/main.o

.text.Reset_Handler
                0x00003598        0xc
 .text.Reset_Handler
                0x00003598        0xc ./output/startup_gcc.o
                0x00003598                Reset_Handler

.text.prvGetRegistersFromStack
                0x000035a4       0x88
 .text.prvGetRegistersFromStack
                0x000035a4       0x88 ./output/startup_gcc.o
                0x000035a4                prvGetRegistersFromStack

.text.Default_Handler
                0x00003700       0x18
 .text.Default_Handler
                0x00003700       0x18 ./output/startup_gcc.o

.text.HardFault_Handler
                0x00003800       0x1c
 .text.HardFault_Handler
                0x00003800       0x1c ./output/startup_gcc.o

.text.printchar
                0x0000381c       0x62
 .text.printchar
                0x0000381c       0x62 ./output/printf-stdarg.o

.text.prints    0x0000387e       0xb6
 .text.prints   0x0000387e       0xb6 ./output/printf-stdarg.o

.text.printi    0x00003934       0xe2
 .text.printi   0x00003934       0xe2 ./output/printf-stdarg.o

.text.tiny_print
                0x00003a18      0x1fc
 .text.tiny_print
                0x00003a18      0x1fc ./output/printf-stdarg.o

.text.printf    0x00003c14       0x2a
 .text.printf   0x00003c14       0x2a ./output/printf-stdarg.o
                0x00003c14                printf

.text.__sflush_r
                0x00003c40      0x100
 .text.__sflush_r
                0x00003c40      0x100 C:/Program Files (x86)/Arm GNU Toolchain arm-none-eabi/13.2 Rel1/bin/../lib/gcc/arm-none-eabi/13.2.1/thumb/v7-m/nofp\libg_nano.a(libc_a-fflush.o)
                0x00003c40                __sflush_r

.text._fflush_r
                0x00003d40       0x50
 .text._fflush_r
                0x00003d40       0x50 C:/Program Files (x86)/Arm GNU Toolchain arm-none-eabi/13.2 Rel1/bin/../lib/gcc/arm-none-eabi/13.2.1/thumb/v7-m/nofp\libg_nano.a(libc_a-fflush.o)
                0x00003d40                _fflush_r

.text.fflush    0x00003d90       0x28
 .text.fflush   0x00003d90       0x28 C:/Program Files (x86)/Arm GNU Toolchain arm-none-eabi/13.2 Rel1/bin/../lib/gcc/arm-none-eabi/13.2.1/thumb/v7-m/nofp\libg_nano.a(libc_a-fflush.o)
                0x00003d90                fflush

.text.std       0x00003db8       0x6c
 .text.std      0x00003db8       0x6c C:/Program Files (x86)/Arm GNU Toolchain arm-none-eabi/13.2 Rel1/bin/../lib/gcc/arm-none-eabi/13.2.1/thumb/v7-m/nofp\libg_nano.a(libc_a-findfp.o)

.text.stdio_exit_handler
                0x00003e24       0x18
 .text.stdio_exit_handler
                0x00003e24       0x18 C:/Program Files (x86)/Arm GNU Toolchain arm-none-eabi/13.2 Rel1/bin/../lib/gcc/arm-none-eabi/13.2.1/thumb/v7-m/nofp\libg_nano.a(libc_a-findfp.o)

.text.cleanup_stdio
                0x00003e3c       0x40
 .text.cleanup_stdio
                0x00003e3c       0x40 C:/Program Files (x86)/Arm GNU Toolchain arm-none-eabi/13.2 Rel1/bin/../lib/gcc/arm-none-eabi/13.2.1/thumb/v7-m/nofp\libg_nano.a(libc_a-findfp.o)

.text.global_stdio_init.part.0
                0x00003e7c       0x3c
 .text.global_stdio_init.part.0
                0x00003e7c       0x3c C:/Program Files (x86)/Arm GNU Toolchain arm-none-eabi/13.2 Rel1/bin/../lib/gcc/arm-none-eabi/13.2.1/thumb/v7-m/nofp\libg_nano.a(libc_a-findfp.o)

.text.__sfp_lock_acquire
                0x00003eb8        0xc
 .text.__sfp_lock_acquire
                0x00003eb8        0xc C:/Program Files (x86)/Arm GNU Toolchain arm-none-eabi/13.2 Rel1/bin/../lib/gcc/arm-none-eabi/13.2.1/thumb/v7-m/nofp\libg_nano.a(libc_a-findfp.o)
                0x00003eb8                __sfp_lock_acquire

.text.__sfp_lock_release
                0x00003ec4        0xc
 .text.__sfp_lock_release
                0x00003ec4        0xc C:/Program Files (x86)/Arm GNU Toolchain arm-none-eabi/13.2 Rel1/bin/../lib/gcc/arm-none-eabi/13.2.1/thumb/v7-m/nofp\libg_nano.a(libc_a-findfp.o)
                0x00003ec4                __sfp_lock_release

.text.__sinit   0x00003ed0       0x30
 .text.__sinit  0x00003ed0       0x30 C:/Program Files (x86)/Arm GNU Toolchain arm-none-eabi/13.2 Rel1/bin/../lib/gcc/arm-none-eabi/13.2.1/thumb/v7-m/nofp\libg_nano.a(libc_a-findfp.o)
                0x00003ed0                __sinit

.text._fwalk_sglue
                0x00003f00       0x3c
 .text._fwalk_sglue
                0x00003f00       0x3c C:/Program Files (x86)/Arm GNU Toolchain arm-none-eabi/13.2 Rel1/bin/../lib/gcc/arm-none-eabi/13.2.1/thumb/v7-m/nofp\libg_nano.a(libc_a-fwalk.o)
                0x00003f00                _fwalk_sglue

.text.__sread   0x00003f3c       0x22
 .text.__sread  0x00003f3c       0x22 C:/Program Files (x86)/Arm GNU Toolchain arm-none-eabi/13.2 Rel1/bin/../lib/gcc/arm-none-eabi/13.2.1/thumb/v7-m/nofp\libg_nano.a(libc_a-stdio.o)
                0x00003f3c                __sread

.text.__swrite  0x00003f5e       0x38
 .text.__swrite
                0x00003f5e       0x38 C:/Program Files (x86)/Arm GNU Toolchain arm-none-eabi/13.2 Rel1/bin/../lib/gcc/arm-none-eabi/13.2.1/thumb/v7-m/nofp\libg_nano.a(libc_a-stdio.o)
                0x00003f5e                __swrite

.text.__sseek   0x00003f96       0x24
 .text.__sseek  0x00003f96       0x24 C:/Program Files (x86)/Arm GNU Toolchain arm-none-eabi/13.2 Rel1/bin/../lib/gcc/arm-none-eabi/13.2.1/thumb/v7-m/nofp\libg_nano.a(libc_a-stdio.o)
                0x00003f96                __sseek

.text.__sclose  0x00003fba        0x8
 .text.__sclose
                0x00003fba        0x8 C:/Program Files (x86)/Arm GNU Toolchain arm-none-eabi/13.2 Rel1/bin/../lib/gcc/arm-none-eabi/13.2.1/thumb/v7-m/nofp\libg_nano.a(libc_a-stdio.o)
                0x00003fba                __sclose

.text.memset    0x00003fc2       0x10
 .text.memset   0x00003fc2       0x10 C:/Program Files (x86)/Arm GNU Toolchain arm-none-eabi/13.2 Rel1/bin/../lib/gcc/arm-none-eabi/13.2.1/thumb/v7-m/nofp\libg_nano.a(libc_a-memset.o)
                0x00003fc2                memset

.text._close_r  0x00003fd4       0x20
 .text._close_r
                0x00003fd4       0x20 C:/Program Files (x86)/Arm GNU Toolchain arm-none-eabi/13.2 Rel1/bin/../lib/gcc/arm-none-eabi/13.2.1/thumb/v7-m/nofp\libg_nano.a(libc_a-closer.o)
                0x00003fd4                _close_r

.text._lseek_r  0x00003ff4       0x24
 .text._lseek_r
                0x00003ff4       0x24 C:/Program Files (x86)/Arm GNU Toolchain arm-none-eabi/13.2 Rel1/bin/../lib/gcc/arm-none-eabi/13.2.1/thumb/v7-m/nofp\libg_nano.a(libc_a-lseekr.o)
                0x00003ff4                _lseek_r

.text._read_r   0x00004018       0x24
 .text._read_r  0x00004018       0x24 C:/Program Files (x86)/Arm GNU Toolchain arm-none-eabi/13.2 Rel1/bin/../lib/gcc/arm-none-eabi/13.2.1/thumb/v7-m/nofp\libg_nano.a(libc_a-readr.o)
                0x00004018                _read_r

.text._write_r  0x0000403c       0x24
 .text._write_r
                0x0000403c       0x24 C:/Program Files (x86)/Arm GNU Toolchain arm-none-eabi/13.2 Rel1/bin/../lib/gcc/arm-none-eabi/13.2.1/thumb/v7-m/nofp\libg_nano.a(libc_a-writer.o)
                0x0000403c                _write_r

.text.__retarget_lock_init_recursive
                0x00004060        0x2
 .text.__retarget_lock_init_recursive
                0x00004060        0x2 C:/Program Files (x86)/Arm GNU Toolchain arm-none-eabi/13.2 Rel1/bin/../lib/gcc/arm-none-eabi/13.2.1/thumb/v7-m/nofp\libg_nano.a(libc_a-lock.o)
                0x00004060                __retarget_lock_init_recursive

.text.__retarget_lock_acquire_recursive
                0x00004062        0x2
 .text.__retarget_lock_acquire_recursive
                0x00004062        0x2 C:/Program Files (x86)/Arm GNU Toolchain arm-none-eabi/13.2 Rel1/bin/../lib/gcc/arm-none-eabi/13.2.1/thumb/v7-m/nofp\libg_nano.a(libc_a-lock.o)
                0x00004062                __retarget_lock_acquire_recursive

.text.__retarget_lock_release_recursive
                0x00004064        0x2
 .text.__retarget_lock_release_recursive
                0x00004064        0x2 C:/Program Files (x86)/Arm GNU Toolchain arm-none-eabi/13.2 Rel1/bin/../lib/gcc/arm-none-eabi/13.2.1/thumb/v7-m/nofp\libg_nano.a(libc_a-lock.o)
                0x00004064                __retarget_lock_release_recursive

.text.memcpy    0x00004066       0x1c
 .text.memcpy   0x00004066       0x1c C:/Program Files (x86)/Arm GNU Toolchain arm-none-eabi/13.2 Rel1/bin/../lib/gcc/arm-none-eabi/13.2.1/thumb/v7-m/nofp\libg_nano.a(libc_a-memcpy-stub.o)
                0x00004066                memcpy

.text._free_r   0x00004084       0x90
 .text._free_r  0x00004084       0x90 C:/Program Files (x86)/Arm GNU Toolchain arm-none-eabi/13.2 Rel1/bin/../lib/gcc/arm-none-eabi/13.2.1/thumb/v7-m/nofp\libg_nano.a(libc_a-freer.o)
                0x00004084                _free_r

.text.__malloc_lock
                0x00004114        0xc
 .text.__malloc_lock
                0x00004114        0xc C:/Program Files (x86)/Arm GNU Toolchain arm-none-eabi/13.2 Rel1/bin/../lib/gcc/arm-none-eabi/13.2.1/thumb/v7-m/nofp\libg_nano.a(libc_a-mlock.o)
                0x00004114                __malloc_lock

.text.__malloc_unlock
                0x00004120        0xc
 .text.__malloc_unlock
                0x00004120        0xc C:/Program Files (x86)/Arm GNU Toolchain arm-none-eabi/13.2 Rel1/bin/../lib/gcc/arm-none-eabi/13.2.1/thumb/v7-m/nofp\libg_nano.a(libc_a-mlock.o)
                0x00004120                __malloc_unlock

.text.findslot  0x0000412c       0x34
 .text.findslot
                0x0000412c       0x34 C:/Program Files (x86)/Arm GNU Toolchain arm-none-eabi/13.2 Rel1/bin/../lib/gcc/arm-none-eabi/13.2.1/thumb/v7-m/nofp\librdimon_nano.a(arm_librdimon_a-syscalls.o)

.text.error     0x00004160       0x1c
 .text.error    0x00004160       0x1c C:/Program Files (x86)/Arm GNU Toolchain arm-none-eabi/13.2 Rel1/bin/../lib/gcc/arm-none-eabi/13.2.1/thumb/v7-m/nofp\librdimon_nano.a(arm_librdimon_a-syscalls.o)

.text.checkerror
                0x0000417c        0xa
 .text.checkerror
                0x0000417c        0xa C:/Program Files (x86)/Arm GNU Toolchain arm-none-eabi/13.2 Rel1/bin/../lib/gcc/arm-none-eabi/13.2.1/thumb/v7-m/nofp\librdimon_nano.a(arm_librdimon_a-syscalls.o)

.text._swiread  0x00004186       0x20
 .text._swiread
                0x00004186       0x20 C:/Program Files (x86)/Arm GNU Toolchain arm-none-eabi/13.2 Rel1/bin/../lib/gcc/arm-none-eabi/13.2.1/thumb/v7-m/nofp\librdimon_nano.a(arm_librdimon_a-syscalls.o)
                0x00004186                _swiread

.text._read     0x000041a6       0x34
 .text._read    0x000041a6       0x34 C:/Program Files (x86)/Arm GNU Toolchain arm-none-eabi/13.2 Rel1/bin/../lib/gcc/arm-none-eabi/13.2.1/thumb/v7-m/nofp\librdimon_nano.a(arm_librdimon_a-syscalls.o)
                0x000041a6                _read

.text._swilseek
                0x000041da       0x78
 .text._swilseek
                0x000041da       0x78 C:/Program Files (x86)/Arm GNU Toolchain arm-none-eabi/13.2 Rel1/bin/../lib/gcc/arm-none-eabi/13.2.1/thumb/v7-m/nofp\librdimon_nano.a(arm_librdimon_a-syscalls.o)
                0x000041da                _swilseek

.text._lseek    0x00004252        0x4
 .text._lseek   0x00004252        0x4 C:/Program Files (x86)/Arm GNU Toolchain arm-none-eabi/13.2 Rel1/bin/../lib/gcc/arm-none-eabi/13.2.1/thumb/v7-m/nofp\librdimon_nano.a(arm_librdimon_a-syscalls.o)
                0x00004252                _lseek

.text._swiwrite
                0x00004256       0x20
 .text._swiwrite
                0x00004256       0x20 C:/Program Files (x86)/Arm GNU Toolchain arm-none-eabi/13.2 Rel1/bin/../lib/gcc/arm-none-eabi/13.2.1/thumb/v7-m/nofp\librdimon_nano.a(arm_librdimon_a-syscalls.o)
                0x00004256                _swiwrite

.text._write    0x00004276       0x40
 .text._write   0x00004276       0x40 C:/Program Files (x86)/Arm GNU Toolchain arm-none-eabi/13.2 Rel1/bin/../lib/gcc/arm-none-eabi/13.2.1/thumb/v7-m/nofp\librdimon_nano.a(arm_librdimon_a-syscalls.o)
                0x00004276                _write

.text._swiclose
                0x000042b6       0x1a
 .text._swiclose
                0x000042b6       0x1a C:/Program Files (x86)/Arm GNU Toolchain arm-none-eabi/13.2 Rel1/bin/../lib/gcc/arm-none-eabi/13.2.1/thumb/v7-m/nofp\librdimon_nano.a(arm_librdimon_a-syscalls.o)
                0x000042b6                _swiclose

.text._close    0x000042d0       0x4c
 .text._close   0x000042d0       0x4c C:/Program Files (x86)/Arm GNU Toolchain arm-none-eabi/13.2 Rel1/bin/../lib/gcc/arm-none-eabi/13.2.1/thumb/v7-m/nofp\librdimon_nano.a(arm_librdimon_a-syscalls.o)
                0x000042d0                _close

.text.__errno   0x0000431c        0xc
 .text.__errno  0x0000431c        0xc C:/Program Files (x86)/Arm GNU Toolchain arm-none-eabi/13.2 Rel1/bin/../lib/gcc/arm-none-eabi/13.2.1/thumb/v7-m/nofp\libc_nano.a(libc_a-errno.o)
                0x0000431c                __errno

.rel.dyn        0x00004328        0x0
 .rel.iplt      0x00004328        0x0 ./output/tasks.o

.data           0x20000000        0x0
                0x20000000                        . = ALIGN (0x8)
                0x20000000                        _data = .
                0x20000000                        _sdata = .
 *(vtable)
 *(.data)
                0x20000000                        _edata = .

.igot.plt       0x20000000        0x0
 .igot.plt      0x20000000        0x0 ./output/tasks.o

.data.uxCriticalNesting
                0x20000000        0x4
 .data.uxCriticalNesting
                0x20000000        0x4 ./output/port.o

.data.xErrorStatus
                0x20000004        0x4
 .data.xErrorStatus
                0x20000004        0x4 ./output/IntQueue.o

.data.paramTask1
                0x20000008        0x4
 .data.paramTask1
                0x20000008        0x4 ./output/main.o

.data.paramTask2
                0x2000000c        0x4
 .data.paramTask2
                0x2000000c        0x4 ./output/main.o

.data.paramTask3
                0x20000010        0x4
 .data.paramTask3
                0x20000010        0x4 ./output/main.o

.data.__sglue   0x20000014        0xc
 .data.__sglue  0x20000014        0xc C:/Program Files (x86)/Arm GNU Toolchain arm-none-eabi/13.2 Rel1/bin/../lib/gcc/arm-none-eabi/13.2.1/thumb/v7-m/nofp\libg_nano.a(libc_a-findfp.o)
                0x20000014                __sglue

.data._impure_ptr
                0x20000020        0x4
 .data._impure_ptr
                0x20000020        0x4 C:/Program Files (x86)/Arm GNU Toolchain arm-none-eabi/13.2 Rel1/bin/../lib/gcc/arm-none-eabi/13.2.1/thumb/v7-m/nofp\libg_nano.a(libc_a-impure.o)
                0x20000020                _impure_ptr

.data._impure_data
                0x20000024       0x4c
 .data._impure_data
                0x20000024       0x4c C:/Program Files (x86)/Arm GNU Toolchain arm-none-eabi/13.2 Rel1/bin/../lib/gcc/arm-none-eabi/13.2.1/thumb/v7-m/nofp\libg_nano.a(libc_a-impure.o)
                0x20000024                _impure_data

.bss            0x20000070        0x0
                0x20000070                        . = ALIGN (0x8)
                0x20000070                        _bss = .
                0x20000070                        _sbss = .
 *(.bss)
                0x20000070                        _ebss = .

.bss.pxCurrentTCB
                0x20000070        0x4
 .bss.pxCurrentTCB
                0x20000070        0x4 ./output/tasks.o
                0x20000070                pxCurrentTCB

.bss.pxReadyTasksLists
                0x20000074      0x12c
 .bss.pxReadyTasksLists
                0x20000074      0x12c ./output/tasks.o

.bss.xDelayedTaskList1
                0x200001a0       0x14
 .bss.xDelayedTaskList1
                0x200001a0       0x14 ./output/tasks.o

.bss.xDelayedTaskList2
                0x200001b4       0x14
 .bss.xDelayedTaskList2
                0x200001b4       0x14 ./output/tasks.o

.bss.pxDelayedTaskList
                0x200001c8        0x4
 .bss.pxDelayedTaskList
                0x200001c8        0x4 ./output/tasks.o

.bss.pxOverflowDelayedTaskList
                0x200001cc        0x4
 .bss.pxOverflowDelayedTaskList
                0x200001cc        0x4 ./output/tasks.o

.bss.xPendingReadyList
                0x200001d0       0x14
 .bss.xPendingReadyList
                0x200001d0       0x14 ./output/tasks.o

.bss.xTasksWaitingTermination
                0x200001e4       0x14
 .bss.xTasksWaitingTermination
                0x200001e4       0x14 ./output/tasks.o

.bss.uxDeletedTasksWaitingCleanUp
                0x200001f8        0x4
 .bss.uxDeletedTasksWaitingCleanUp
                0x200001f8        0x4 ./output/tasks.o

.bss.xSuspendedTaskList
                0x200001fc       0x14
 .bss.xSuspendedTaskList
                0x200001fc       0x14 ./output/tasks.o

.bss.uxCurrentNumberOfTasks
                0x20000210        0x4
 .bss.uxCurrentNumberOfTasks
                0x20000210        0x4 ./output/tasks.o

.bss.xTickCount
                0x20000214        0x4
 .bss.xTickCount
                0x20000214        0x4 ./output/tasks.o

.bss.uxTopReadyPriority
                0x20000218        0x4
 .bss.uxTopReadyPriority
                0x20000218        0x4 ./output/tasks.o

.bss.xSchedulerRunning
                0x2000021c        0x4
 .bss.xSchedulerRunning
                0x2000021c        0x4 ./output/tasks.o

.bss.xPendedTicks
                0x20000220        0x4
 .bss.xPendedTicks
                0x20000220        0x4 ./output/tasks.o

.bss.xYieldPending
                0x20000224        0x4
 .bss.xYieldPending
                0x20000224        0x4 ./output/tasks.o

.bss.xNumOfOverflows
                0x20000228        0x4
 .bss.xNumOfOverflows
                0x20000228        0x4 ./output/tasks.o

.bss.uxTaskNumber
                0x2000022c        0x4
 .bss.uxTaskNumber
                0x2000022c        0x4 ./output/tasks.o

.bss.xNextTaskUnblockTime
                0x20000230        0x4
 .bss.xNextTaskUnblockTime
                0x20000230        0x4 ./output/tasks.o

.bss.xIdleTaskHandle
                0x20000234        0x4
 .bss.xIdleTaskHandle
                0x20000234        0x4 ./output/tasks.o

.bss.uxSchedulerSuspended
                0x20000238        0x4
 .bss.uxSchedulerSuspended
                0x20000238        0x4 ./output/tasks.o

.bss.xQueueRegistry
                0x2000023c       0x50
 .bss.xQueueRegistry
                0x2000023c       0x50 ./output/queue.o
                0x2000023c                xQueueRegistry

.bss.xActiveTimerList1
                0x2000028c       0x14
 .bss.xActiveTimerList1
                0x2000028c       0x14 ./output/timers.o

.bss.xActiveTimerList2
                0x200002a0       0x14
 .bss.xActiveTimerList2
                0x200002a0       0x14 ./output/timers.o

.bss.pxCurrentTimerList
                0x200002b4        0x4
 .bss.pxCurrentTimerList
                0x200002b4        0x4 ./output/timers.o

.bss.pxOverflowTimerList
                0x200002b8        0x4
 .bss.pxOverflowTimerList
                0x200002b8        0x4 ./output/timers.o

.bss.xTimerQueue
                0x200002bc        0x4
 .bss.xTimerQueue
                0x200002bc        0x4 ./output/timers.o

.bss.xTimerTaskHandle
                0x200002c0        0x4
 .bss.xTimerTaskHandle
                0x200002c0        0x4 ./output/timers.o

.bss.xLastTime.2
                0x200002c4        0x4
 .bss.xLastTime.2
                0x200002c4        0x4 ./output/timers.o

.bss.ucStaticTimerQueueStorage.1
                0x200002c8      0x140
 .bss.ucStaticTimerQueueStorage.1
                0x200002c8      0x140 ./output/timers.o

.bss.xStaticTimerQueue.0
                0x20000408       0x4c
 .bss.xStaticTimerQueue.0
                0x20000408       0x4c ./output/timers.o

.bss.ucHeap     0x20000454     0xf000
 .bss.ucHeap    0x20000454     0xf000 ./output/heap_4.o

.bss.xStart     0x2000f454        0x8
 .bss.xStart    0x2000f454        0x8 ./output/heap_4.o

.bss.pxEnd      0x2000f45c        0x4
 .bss.pxEnd     0x2000f45c        0x4 ./output/heap_4.o

.bss.xFreeBytesRemaining
                0x2000f460        0x4
 .bss.xFreeBytesRemaining
                0x2000f460        0x4 ./output/heap_4.o

.bss.xMinimumEverFreeBytesRemaining
                0x2000f464        0x4
 .bss.xMinimumEverFreeBytesRemaining
                0x2000f464        0x4 ./output/heap_4.o

.bss.xNumberOfSuccessfulAllocations
                0x2000f468        0x4
 .bss.xNumberOfSuccessfulAllocations
                0x2000f468        0x4 ./output/heap_4.o

.bss.xNumberOfSuccessfulFrees
                0x2000f46c        0x4
 .bss.xNumberOfSuccessfulFrees
                0x2000f46c        0x4 ./output/heap_4.o

.bss.ucMaxSysCallPriority
                0x2000f470        0x1
 .bss.ucMaxSysCallPriority
                0x2000f470        0x1 ./output/port.o

.bss.ulMaxPRIGROUPValue
                0x2000f474        0x4
 .bss.ulMaxPRIGROUPValue
                0x2000f474        0x4 ./output/port.o

.bss.xNormallyEmptyQueue
                0x2000f478        0x4
 .bss.xNormallyEmptyQueue
                0x2000f478        0x4 ./output/IntQueue.o

.bss.xNormallyFullQueue
                0x2000f47c        0x4
 .bss.xNormallyFullQueue
                0x2000f47c        0x4 ./output/IntQueue.o

.bss.xErrorLine
                0x2000f480        0x4
 .bss.xErrorLine
                0x2000f480        0x4 ./output/IntQueue.o

.bss.uxValueForNormallyEmptyQueue
                0x2000f484        0x4
 .bss.uxValueForNormallyEmptyQueue
                0x2000f484        0x4 ./output/IntQueue.o

.bss.uxValueForNormallyFullQueue
                0x2000f488        0x4
 .bss.uxValueForNormallyFullQueue
                0x2000f488        0x4 ./output/IntQueue.o

.bss.ucNormallyEmptyReceivedValues
                0x2000f48c       0xc8
 .bss.ucNormallyEmptyReceivedValues
                0x2000f48c       0xc8 ./output/IntQueue.o

.bss.ucNormallyFullReceivedValues
                0x2000f554       0xc8
 .bss.ucNormallyFullReceivedValues
                0x2000f554       0xc8 ./output/IntQueue.o

.bss.uxNextOperation.5
                0x2000f61c        0x4
 .bss.uxNextOperation.5
                0x2000f61c        0x4 ./output/IntQueue.o

.bss.uxNextOperation.4
                0x2000f620        0x4
 .bss.uxNextOperation.4
                0x2000f620        0x4 ./output/IntQueue.o

.bss.ulNest     0x2000f624        0x4
 .bss.ulNest    0x2000f624        0x4 ./output/IntQueueTimer.o
                0x2000f624                ulNest

.bss.ulNestCount
                0x2000f628        0x4
 .bss.ulNestCount
                0x2000f628        0x4 ./output/IntQueueTimer.o
                0x2000f628                ulNestCount

.bss.xHandle_1  0x2000f62c        0x4
 .bss.xHandle_1
                0x2000f62c        0x4 ./output/main.o
                0x2000f62c                xHandle_1

.bss.xHandle_2  0x2000f630        0x4
 .bss.xHandle_2
                0x2000f630        0x4 ./output/main.o
                0x2000f630                xHandle_2

.bss.xHandle_3  0x2000f634        0x4
 .bss.xHandle_3
                0x2000f634        0x4 ./output/main.o
                0x2000f634                xHandle_3

.bss.xIdleTaskTCB.3
                0x2000f638       0x64
 .bss.xIdleTaskTCB.3
                0x2000f638       0x64 ./output/main.o

.bss.uxIdleTaskStack.2
                0x2000f69c      0x140
 .bss.uxIdleTaskStack.2
                0x2000f69c      0x140 ./output/main.o

.bss.xTimerTaskTCB.1
                0x2000f7dc       0x64
 .bss.xTimerTaskTCB.1
                0x2000f7dc       0x64 ./output/main.o

.bss.uxTimerTaskStack.0
                0x2000f840      0x280
 .bss.uxTimerTaskStack.0
                0x2000f840      0x280 ./output/main.o

.bss.r0         0x2000fac0        0x4
 .bss.r0        0x2000fac0        0x4 ./output/startup_gcc.o
                0x2000fac0                r0

.bss.r1         0x2000fac4        0x4
 .bss.r1        0x2000fac4        0x4 ./output/startup_gcc.o
                0x2000fac4                r1

.bss.r2         0x2000fac8        0x4
 .bss.r2        0x2000fac8        0x4 ./output/startup_gcc.o
                0x2000fac8                r2

.bss.r3         0x2000facc        0x4
 .bss.r3        0x2000facc        0x4 ./output/startup_gcc.o
                0x2000facc                r3

.bss.r12        0x2000fad0        0x4
 .bss.r12       0x2000fad0        0x4 ./output/startup_gcc.o
                0x2000fad0                r12

.bss.lr         0x2000fad4        0x4
 .bss.lr        0x2000fad4        0x4 ./output/startup_gcc.o
                0x2000fad4                lr

.bss.pc         0x2000fad8        0x4
 .bss.pc        0x2000fad8        0x4 ./output/startup_gcc.o
                0x2000fad8                pc

.bss.psr        0x2000fadc        0x4
 .bss.psr       0x2000fadc        0x4 ./output/startup_gcc.o
                0x2000fadc                psr

.bss.__sf       0x2000fae0      0x138
 .bss.__sf      0x2000fae0      0x138 C:/Program Files (x86)/Arm GNU Toolchain arm-none-eabi/13.2 Rel1/bin/../lib/gcc/arm-none-eabi/13.2.1/thumb/v7-m/nofp\libg_nano.a(libc_a-findfp.o)
                0x2000fae0                __sf

.bss.__stdio_exit_handler
                0x2000fc18        0x4
 .bss.__stdio_exit_handler
                0x2000fc18        0x4 C:/Program Files (x86)/Arm GNU Toolchain arm-none-eabi/13.2 Rel1/bin/../lib/gcc/arm-none-eabi/13.2.1/thumb/v7-m/nofp\libg_nano.a(libc_a-findfp.o)
                0x2000fc18                __stdio_exit_handler

.bss.errno      0x2000fc1c        0x4
 .bss.errno     0x2000fc1c        0x4 C:/Program Files (x86)/Arm GNU Toolchain arm-none-eabi/13.2 Rel1/bin/../lib/gcc/arm-none-eabi/13.2.1/thumb/v7-m/nofp\libg_nano.a(libc_a-reent.o)
                0x2000fc1c                errno

.bss.__lock___malloc_recursive_mutex
                0x2000fc20        0x1
 .bss.__lock___malloc_recursive_mutex
                0x2000fc20        0x1 C:/Program Files (x86)/Arm GNU Toolchain arm-none-eabi/13.2 Rel1/bin/../lib/gcc/arm-none-eabi/13.2.1/thumb/v7-m/nofp\libg_nano.a(libc_a-lock.o)
                0x2000fc20                __lock___malloc_recursive_mutex

.bss.__lock___sfp_recursive_mutex
                0x2000fc21        0x1
 .bss.__lock___sfp_recursive_mutex
                0x2000fc21        0x1 C:/Program Files (x86)/Arm GNU Toolchain arm-none-eabi/13.2 Rel1/bin/../lib/gcc/arm-none-eabi/13.2.1/thumb/v7-m/nofp\libg_nano.a(libc_a-lock.o)
                0x2000fc21                __lock___sfp_recursive_mutex

.bss.__malloc_free_list
                0x2000fc24        0x4
 .bss.__malloc_free_list
                0x2000fc24        0x4 C:/Program Files (x86)/Arm GNU Toolchain arm-none-eabi/13.2 Rel1/bin/../lib/gcc/arm-none-eabi/13.2.1/thumb/v7-m/nofp\libg_nano.a(libc_a-mallocr.o)
                0x2000fc24                __malloc_free_list

.bss.openfiles  0x2000fc28       0xa0
 .bss.openfiles
                0x2000fc28       0xa0 C:/Program Files (x86)/Arm GNU Toolchain arm-none-eabi/13.2 Rel1/bin/../lib/gcc/arm-none-eabi/13.2.1/thumb/v7-m/nofp\librdimon_nano.a(arm_librdimon_a-syscalls.o)

.heap           0x2000fcc8      0x408
                0x2000fcc8                        . = ALIGN (0x8)
                0x2000fcc8                        PROVIDE (end = .)
                [!provide]                        PROVIDE (_end = .)
                0x2000fcc8                        _heap_bottom = .
                0x2000fcd0                        . = (. + _Min_Heap_Size)
 *fill*         0x2000fcc8        0x8 
                0x2000fcd0                        _heap_top = .
                0x200100d0                        . = (. + _Min_Stack_Size)
 *fill*         0x2000fcd0      0x400 
                0x200100d0                        . = ALIGN (0x8)
                0x20400000                        __StackTop = (ORIGIN (RAM) + LENGTH (RAM))
                0x203ffc00                        __StackLimit = (__StackTop - _Min_Stack_Size)
                [!provide]                        PROVIDE (__stack = __StackTop)
                0x00000001                        ASSERT ((__StackLimit >= _heap_top), region RAM overflowed with stack)
START GROUP
LOAD C:/Program Files (x86)/Arm GNU Toolchain arm-none-eabi/13.2 Rel1/bin/../lib/gcc/arm-none-eabi/13.2.1/thumb/v7-m/nofp\libgcc.a
LOAD C:/Program Files (x86)/Arm GNU Toolchain arm-none-eabi/13.2 Rel1/bin/../lib/gcc/arm-none-eabi/13.2.1/thumb/v7-m/nofp\libg_nano.a
LOAD C:/Program Files (x86)/Arm GNU Toolchain arm-none-eabi/13.2 Rel1/bin/../lib/gcc/arm-none-eabi/13.2.1/thumb/v7-m/nofp\libc_nano.a
END GROUP
START GROUP
LOAD C:/Program Files (x86)/Arm GNU Toolchain arm-none-eabi/13.2 Rel1/bin/../lib/gcc/arm-none-eabi/13.2.1/thumb/v7-m/nofp\libgcc.a
LOAD C:/Program Files (x86)/Arm GNU Toolchain arm-none-eabi/13.2 Rel1/bin/../lib/gcc/arm-none-eabi/13.2.1/thumb/v7-m/nofp\libc_nano.a
LOAD C:/Program Files (x86)/Arm GNU Toolchain arm-none-eabi/13.2 Rel1/bin/../lib/gcc/arm-none-eabi/13.2.1/thumb/v7-m/nofp\librdimon_nano.a
LOAD C:/Program Files (x86)/Arm GNU Toolchain arm-none-eabi/13.2 Rel1/bin/../lib/gcc/arm-none-eabi/13.2.1/thumb/v7-m/nofp\libnosys.a
END GROUP
START GROUP
LOAD C:/Program Files (x86)/Arm GNU Toolchain arm-none-eabi/13.2 Rel1/bin/../lib/gcc/arm-none-eabi/13.2.1/thumb/v7-m/nofp\libgcc.a
LOAD C:/Program Files (x86)/Arm GNU Toolchain arm-none-eabi/13.2 Rel1/bin/../lib/gcc/arm-none-eabi/13.2.1/thumb/v7-m/nofp\libc_nano.a
LOAD C:/Program Files (x86)/Arm GNU Toolchain arm-none-eabi/13.2 Rel1/bin/../lib/gcc/arm-none-eabi/13.2.1/thumb/v7-m/nofp\libnosys.a
END GROUP
START GROUP
LOAD C:/Program Files (x86)/Arm GNU Toolchain arm-none-eabi/13.2 Rel1/bin/../lib/gcc/arm-none-eabi/13.2.1/thumb/v7-m/nofp\libgcc.a
LOAD C:/Program Files (x86)/Arm GNU Toolchain arm-none-eabi/13.2 Rel1/bin/../lib/gcc/arm-none-eabi/13.2.1/thumb/v7-m/nofp\libc_nano.a
LOAD C:/Program Files (x86)/Arm GNU Toolchain arm-none-eabi/13.2 Rel1/bin/../lib/gcc/arm-none-eabi/13.2.1/thumb/v7-m/nofp\librdimon_nano.a
END GROUP
OUTPUT(./output/RTOSDemo.out elf32-littlearm)
LOAD linker stubs

.debug_info     0x00000000     0x7c88
 .debug_info    0x00000000     0x2269 ./output/tasks.o
 .debug_info    0x00002269      0x2a3 ./output/list.o
 .debug_info    0x0000250c     0x185d ./output/queue.o
 .debug_info    0x00003d69     0x123c ./output/timers.o
 .debug_info    0x00004fa5      0x4af ./output/heap_4.o
 .debug_info    0x00005454      0x3d1 ./output/port.o
 .debug_info    0x00005825      0xad4 ./output/IntQueue.o
 .debug_info    0x000062f9      0x583 ./output/IntQueueTimer.o
 .debug_info    0x0000687c      0x77e ./output/main.o
 .debug_info    0x00006ffa      0x88b ./output/startup_gcc.o
 .debug_info    0x00007885      0x403 ./output/printf-stdarg.o

.debug_abbrev   0x00000000     0x1a0c
 .debug_abbrev  0x00000000      0x3b8 ./output/tasks.o
 .debug_abbrev  0x000003b8       0xf5 ./output/list.o
 .debug_abbrev  0x000004ad      0x341 ./output/queue.o
 .debug_abbrev  0x000007ee      0x2e2 ./output/timers.o
 .debug_abbrev  0x00000ad0      0x206 ./output/heap_4.o
 .debug_abbrev  0x00000cd6      0x242 ./output/port.o
 .debug_abbrev  0x00000f18      0x286 ./output/IntQueue.o
 .debug_abbrev  0x0000119e      0x1d7 ./output/IntQueueTimer.o
 .debug_abbrev  0x00001375      0x2bc ./output/main.o
 .debug_abbrev  0x00001631      0x270 ./output/startup_gcc.o
 .debug_abbrev  0x000018a1      0x16b ./output/printf-stdarg.o

.debug_aranges  0x00000000      0x750
 .debug_aranges
                0x00000000      0x200 ./output/tasks.o
 .debug_aranges
                0x00000200       0x40 ./output/list.o
 .debug_aranges
                0x00000240      0x170 ./output/queue.o
 .debug_aranges
                0x000003b0       0xf0 ./output/timers.o
 .debug_aranges
                0x000004a0       0x60 ./output/heap_4.o
 .debug_aranges
                0x00000500       0x78 ./output/port.o
 .debug_aranges
                0x00000578       0x78 ./output/IntQueue.o
 .debug_aranges
                0x000005f0       0x40 ./output/IntQueueTimer.o
 .debug_aranges
                0x00000630       0x90 ./output/main.o
 .debug_aranges
                0x000006c0       0x38 ./output/startup_gcc.o
 .debug_aranges
                0x000006f8       0x58 ./output/printf-stdarg.o

.debug_rnglists
                0x00000000      0x58f
 .debug_rnglists
                0x00000000      0x19c ./output/tasks.o
 .debug_rnglists
                0x0000019c       0x2b ./output/list.o
 .debug_rnglists
                0x000001c7      0x11e ./output/queue.o
 .debug_rnglists
                0x000002e5       0xb5 ./output/timers.o
 .debug_rnglists
                0x0000039a       0x48 ./output/heap_4.o
 .debug_rnglists
                0x000003e2       0x56 ./output/port.o
 .debug_rnglists
                0x00000438       0x5e ./output/IntQueue.o
 .debug_rnglists
                0x00000496       0x2b ./output/IntQueueTimer.o
 .debug_rnglists
                0x000004c1       0x68 ./output/main.o
 .debug_rnglists
                0x00000529       0x26 ./output/startup_gcc.o
 .debug_rnglists
                0x0000054f       0x40 ./output/printf-stdarg.o

.debug_macro    0x00000000     0x53fd
 .debug_macro   0x00000000      0x252 ./output/tasks.o
 .debug_macro   0x00000252      0xaba ./output/tasks.o
 .debug_macro   0x00000d0c       0x24 ./output/tasks.o
 .debug_macro   0x00000d30       0x22 ./output/tasks.o
 .debug_macro   0x00000d52       0x75 ./output/tasks.o
 .debug_macro   0x00000dc7       0x94 ./output/tasks.o
 .debug_macro   0x00000e5b       0x3c ./output/tasks.o
 .debug_macro   0x00000e97       0x34 ./output/tasks.o
 .debug_macro   0x00000ecb       0x16 ./output/tasks.o
 .debug_macro   0x00000ee1      0x11c ./output/tasks.o
 .debug_macro   0x00000ffd       0x9b ./output/tasks.o
 .debug_macro   0x00001098       0x57 ./output/tasks.o
 .debug_macro   0x000010ef      0x370 ./output/tasks.o
 .debug_macro   0x0000145f       0x16 ./output/tasks.o
 .debug_macro   0x00001475       0x4a ./output/tasks.o
 .debug_macro   0x000014bf       0x34 ./output/tasks.o
 .debug_macro   0x000014f3       0x10 ./output/tasks.o
 .debug_macro   0x00001503       0x58 ./output/tasks.o
 .debug_macro   0x0000155b      0x1de ./output/tasks.o
 .debug_macro   0x00001739       0x16 ./output/tasks.o
 .debug_macro   0x0000174f       0x29 ./output/tasks.o
 .debug_macro   0x00001778       0x16 ./output/tasks.o
 .debug_macro   0x0000178e       0x3c ./output/tasks.o
 .debug_macro   0x000017ca      0x34e ./output/tasks.o
 .debug_macro   0x00001b18      0x156 ./output/tasks.o
 .debug_macro   0x00001c6e      0x15a ./output/tasks.o
 .debug_macro   0x00001dc8       0xe4 ./output/tasks.o
 .debug_macro   0x00001eac       0x28 ./output/tasks.o
 .debug_macro   0x00001ed4       0x1f ./output/tasks.o
 .debug_macro   0x00001ef3       0x12 ./output/tasks.o
 .debug_macro   0x00001f05      0x4cb ./output/tasks.o
 .debug_macro   0x000023d0       0xc3 ./output/tasks.o
 .debug_macro   0x00002493      0x120 ./output/tasks.o
 .debug_macro   0x000025b3       0x91 ./output/tasks.o
 .debug_macro   0x00002644       0x16 ./output/tasks.o
 .debug_macro   0x0000265a      0x171 ./output/list.o
 .debug_macro   0x000027cb      0x203 ./output/queue.o
 .debug_macro   0x000029ce       0x87 ./output/queue.o
 .debug_macro   0x00002a55      0x1c0 ./output/timers.o
 .debug_macro   0x00002c15       0x97 ./output/timers.o
 .debug_macro   0x00002cac      0x1ed ./output/heap_4.o
 .debug_macro   0x00002e99      0x144 ./output/port.o
 .debug_macro   0x00002fdd      0x1fa ./output/IntQueue.o
 .debug_macro   0x000031d7       0xfc ./output/IntQueueTimer.o
 .debug_macro   0x000032d3       0x22 ./output/IntQueueTimer.o
 .debug_macro   0x000032f5       0x1c ./output/IntQueueTimer.o
 .debug_macro   0x00003311       0x22 ./output/IntQueueTimer.o
 .debug_macro   0x00003333       0xd6 ./output/IntQueueTimer.o
 .debug_macro   0x00003409      0xe2d ./output/IntQueueTimer.o
 .debug_macro   0x00004236      0x11f ./output/IntQueueTimer.o
 .debug_macro   0x00004355      0x7b3 ./output/IntQueueTimer.o
 .debug_macro   0x00004b08      0x4a6 ./output/IntQueueTimer.o
 .debug_macro   0x00004fae      0x28e ./output/main.o
 .debug_macro   0x0000523c      0x12b ./output/startup_gcc.o
 .debug_macro   0x00005367       0x3e ./output/printf-stdarg.o
 .debug_macro   0x000053a5       0x58 ./output/printf-stdarg.o

.debug_line     0x00000000     0x610f
 .debug_line    0x00000000     0x189b ./output/tasks.o
 .debug_line    0x0000189b      0x4b6 ./output/list.o
 .debug_line    0x00001d51     0x1423 ./output/queue.o
 .debug_line    0x00003174      0x9e1 ./output/timers.o
 .debug_line    0x00003b55      0x702 ./output/heap_4.o
 .debug_line    0x00004257      0x424 ./output/port.o
 .debug_line    0x0000467b      0x987 ./output/IntQueue.o
 .debug_line    0x00005002      0x39c ./output/IntQueueTimer.o
 .debug_line    0x0000539e      0x64b ./output/main.o
 .debug_line    0x000059e9      0x308 ./output/startup_gcc.o
 .debug_line    0x00005cf1      0x41e ./output/printf-stdarg.o

.debug_str      0x00000000    0x1df7c
 .debug_str     0x00000000    0x1df7c ./output/tasks.o
                               0xe01c (size before relaxing)
 .debug_str     0x0001df7c     0xaa2e ./output/list.o
 .debug_str     0x0001df7c     0xd3c8 ./output/queue.o
 .debug_str     0x0001df7c     0xd632 ./output/timers.o
 .debug_str     0x0001df7c     0xc20a ./output/heap_4.o
 .debug_str     0x0001df7c     0x93e4 ./output/port.o
 .debug_str     0x0001df7c     0xcfb0 ./output/IntQueue.o
 .debug_str     0x0001df7c    0x12375 ./output/IntQueueTimer.o
 .debug_str     0x0001df7c     0xe2be ./output/main.o
 .debug_str     0x0001df7c     0x760d ./output/startup_gcc.o
 .debug_str     0x0001df7c     0x30a5 ./output/printf-stdarg.o

.comment        0x00000000       0x44
 .comment       0x00000000       0x44 ./output/tasks.o
                                 0x45 (size before relaxing)
 .comment       0x00000044       0x45 ./output/list.o
 .comment       0x00000044       0x45 ./output/queue.o
 .comment       0x00000044       0x45 ./output/timers.o
 .comment       0x00000044       0x45 ./output/heap_4.o
 .comment       0x00000044       0x45 ./output/port.o
 .comment       0x00000044       0x45 ./output/IntQueue.o
 .comment       0x00000044       0x45 ./output/IntQueueTimer.o
 .comment       0x00000044       0x45 ./output/main.o
 .comment       0x00000044       0x45 ./output/startup_gcc.o
 .comment       0x00000044       0x45 ./output/printf-stdarg.o

.ARM.attributes
                0x00000000       0x2b
 .ARM.attributes
                0x00000000       0x2d ./output/tasks.o
 .ARM.attributes
                0x0000002d       0x2d ./output/list.o
 .ARM.attributes
                0x0000005a       0x2d ./output/queue.o
 .ARM.attributes
                0x00000087       0x2d ./output/timers.o
 .ARM.attributes
                0x000000b4       0x2d ./output/heap_4.o
 .ARM.attributes
                0x000000e1       0x2d ./output/port.o
 .ARM.attributes
                0x0000010e       0x2d ./output/IntQueue.o
 .ARM.attributes
                0x0000013b       0x2d ./output/IntQueueTimer.o
 .ARM.attributes
                0x00000168       0x2d ./output/main.o
 .ARM.attributes
                0x00000195       0x2d ./output/startup_gcc.o
 .ARM.attributes
                0x000001c2       0x2d ./output/printf-stdarg.o
 .ARM.attributes
                0x000001ef       0x2d C:/Program Files (x86)/Arm GNU Toolchain arm-none-eabi/13.2 Rel1/bin/../lib/gcc/arm-none-eabi/13.2.1/thumb/v7-m/nofp\libg_nano.a(libc_a-fflush.o)
 .ARM.attributes
                0x0000021c       0x2d C:/Program Files (x86)/Arm GNU Toolchain arm-none-eabi/13.2 Rel1/bin/../lib/gcc/arm-none-eabi/13.2.1/thumb/v7-m/nofp\libg_nano.a(libc_a-findfp.o)
 .ARM.attributes
                0x00000249       0x2d C:/Program Files (x86)/Arm GNU Toolchain arm-none-eabi/13.2 Rel1/bin/../lib/gcc/arm-none-eabi/13.2.1/thumb/v7-m/nofp\libg_nano.a(libc_a-fwalk.o)
 .ARM.attributes
                0x00000276       0x2d C:/Program Files (x86)/Arm GNU Toolchain arm-none-eabi/13.2 Rel1/bin/../lib/gcc/arm-none-eabi/13.2.1/thumb/v7-m/nofp\libg_nano.a(libc_a-stdio.o)
 .ARM.attributes
                0x000002a3       0x2d C:/Program Files (x86)/Arm GNU Toolchain arm-none-eabi/13.2 Rel1/bin/../lib/gcc/arm-none-eabi/13.2.1/thumb/v7-m/nofp\libg_nano.a(libc_a-memset.o)
 .ARM.attributes
                0x000002d0       0x2d C:/Program Files (x86)/Arm GNU Toolchain arm-none-eabi/13.2 Rel1/bin/../lib/gcc/arm-none-eabi/13.2.1/thumb/v7-m/nofp\libg_nano.a(libc_a-closer.o)
 .ARM.attributes
                0x000002fd       0x2d C:/Program Files (x86)/Arm GNU Toolchain arm-none-eabi/13.2 Rel1/bin/../lib/gcc/arm-none-eabi/13.2.1/thumb/v7-m/nofp\libg_nano.a(libc_a-reent.o)
 .ARM.attributes
                0x0000032a       0x2d C:/Program Files (x86)/Arm GNU Toolchain arm-none-eabi/13.2 Rel1/bin/../lib/gcc/arm-none-eabi/13.2.1/thumb/v7-m/nofp\libg_nano.a(libc_a-impure.o)
 .ARM.attributes
                0x00000357       0x2d C:/Program Files (x86)/Arm GNU Toolchain arm-none-eabi/13.2 Rel1/bin/../lib/gcc/arm-none-eabi/13.2.1/thumb/v7-m/nofp\libg_nano.a(libc_a-lseekr.o)
 .ARM.attributes
                0x00000384       0x2d C:/Program Files (x86)/Arm GNU Toolchain arm-none-eabi/13.2 Rel1/bin/../lib/gcc/arm-none-eabi/13.2.1/thumb/v7-m/nofp\libg_nano.a(libc_a-readr.o)
 .ARM.attributes
                0x000003b1       0x2d C:/Program Files (x86)/Arm GNU Toolchain arm-none-eabi/13.2 Rel1/bin/../lib/gcc/arm-none-eabi/13.2.1/thumb/v7-m/nofp\libg_nano.a(libc_a-writer.o)
 .ARM.attributes
                0x000003de       0x2d C:/Program Files (x86)/Arm GNU Toolchain arm-none-eabi/13.2 Rel1/bin/../lib/gcc/arm-none-eabi/13.2.1/thumb/v7-m/nofp\libg_nano.a(libc_a-lock.o)
 .ARM.attributes
                0x0000040b       0x2d C:/Program Files (x86)/Arm GNU Toolchain arm-none-eabi/13.2 Rel1/bin/../lib/gcc/arm-none-eabi/13.2.1/thumb/v7-m/nofp\libg_nano.a(libc_a-memcpy-stub.o)
 .ARM.attributes
                0x00000438       0x2d C:/Program Files (x86)/Arm GNU Toolchain arm-none-eabi/13.2 Rel1/bin/../lib/gcc/arm-none-eabi/13.2.1/thumb/v7-m/nofp\libg_nano.a(libc_a-freer.o)
 .ARM.attributes
                0x00000465       0x2d C:/Program Files (x86)/Arm GNU Toolchain arm-none-eabi/13.2 Rel1/bin/../lib/gcc/arm-none-eabi/13.2.1/thumb/v7-m/nofp\libg_nano.a(libc_a-mallocr.o)
 .ARM.attributes
                0x00000492       0x2d C:/Program Files (x86)/Arm GNU Toolchain arm-none-eabi/13.2 Rel1/bin/../lib/gcc/arm-none-eabi/13.2.1/thumb/v7-m/nofp\libg_nano.a(libc_a-mlock.o)
 .ARM.attributes
                0x000004bf       0x2d C:/Program Files (x86)/Arm GNU Toolchain arm-none-eabi/13.2 Rel1/bin/../lib/gcc/arm-none-eabi/13.2.1/thumb/v7-m/nofp\librdimon_nano.a(arm_librdimon_a-syscalls.o)
 .ARM.attributes
                0x000004ec       0x2d C:/Program Files (x86)/Arm GNU Toolchain arm-none-eabi/13.2 Rel1/bin/../lib/gcc/arm-none-eabi/13.2.1/thumb/v7-m/nofp\libc_nano.a(libc_a-errno.o)

.debug_frame    0x00000000     0x2578
 .debug_frame   0x00000000      0x8b0 ./output/tasks.o
 .debug_frame   0x000008b0       0xd8 ./output/list.o
 .debug_frame   0x00000988      0x630 ./output/queue.o
 .debug_frame   0x00000fb8      0x3d4 ./output/timers.o
 .debug_frame   0x0000138c      0x150 ./output/heap_4.o
 .debug_frame   0x000014dc      0x17c ./output/port.o
 .debug_frame   0x00001658      0x1ac ./output/IntQueue.o
 .debug_frame   0x00001804       0xb4 ./output/IntQueueTimer.o
 .debug_frame   0x000018b8      0x210 ./output/main.o
 .debug_frame   0x00001ac8       0x6c ./output/startup_gcc.o
 .debug_frame   0x00001b34      0x194 ./output/printf-stdarg.o
 .debug_frame   0x00001cc8       0x5c C:/Program Files (x86)/Arm GNU Toolchain arm-none-eabi/13.2 Rel1/bin/../lib/gcc/arm-none-eabi/13.2.1/thumb/v7-m/nofp\libg_nano.a(libc_a-fflush.o)
 .debug_frame   0x00001d24      0x144 C:/Program Files (x86)/Arm GNU Toolchain arm-none-eabi/13.2 Rel1/bin/../lib/gcc/arm-none-eabi/13.2.1/thumb/v7-m/nofp\libg_nano.a(libc_a-findfp.o)
 .debug_frame   0x00001e68       0x34 C:/Program Files (x86)/Arm GNU Toolchain arm-none-eabi/13.2 Rel1/bin/../lib/gcc/arm-none-eabi/13.2.1/thumb/v7-m/nofp\libg_nano.a(libc_a-fwalk.o)
 .debug_frame   0x00001e9c       0x88 C:/Program Files (x86)/Arm GNU Toolchain arm-none-eabi/13.2 Rel1/bin/../lib/gcc/arm-none-eabi/13.2.1/thumb/v7-m/nofp\libg_nano.a(libc_a-stdio.o)
 .debug_frame   0x00001f24       0x20 C:/Program Files (x86)/Arm GNU Toolchain arm-none-eabi/13.2 Rel1/bin/../lib/gcc/arm-none-eabi/13.2.1/thumb/v7-m/nofp\libg_nano.a(libc_a-memset.o)
 .debug_frame   0x00001f44       0x2c C:/Program Files (x86)/Arm GNU Toolchain arm-none-eabi/13.2 Rel1/bin/../lib/gcc/arm-none-eabi/13.2.1/thumb/v7-m/nofp\libg_nano.a(libc_a-closer.o)
 .debug_frame   0x00001f70       0x38 C:/Program Files (x86)/Arm GNU Toolchain arm-none-eabi/13.2 Rel1/bin/../lib/gcc/arm-none-eabi/13.2.1/thumb/v7-m/nofp\libg_nano.a(libc_a-reent.o)
 .debug_frame   0x00001fa8       0x2c C:/Program Files (x86)/Arm GNU Toolchain arm-none-eabi/13.2 Rel1/bin/../lib/gcc/arm-none-eabi/13.2.1/thumb/v7-m/nofp\libg_nano.a(libc_a-lseekr.o)
 .debug_frame   0x00001fd4       0x2c C:/Program Files (x86)/Arm GNU Toolchain arm-none-eabi/13.2 Rel1/bin/../lib/gcc/arm-none-eabi/13.2.1/thumb/v7-m/nofp\libg_nano.a(libc_a-readr.o)
 .debug_frame   0x00002000       0x2c C:/Program Files (x86)/Arm GNU Toolchain arm-none-eabi/13.2 Rel1/bin/../lib/gcc/arm-none-eabi/13.2.1/thumb/v7-m/nofp\libg_nano.a(libc_a-writer.o)
 .debug_frame   0x0000202c       0xb0 C:/Program Files (x86)/Arm GNU Toolchain arm-none-eabi/13.2 Rel1/bin/../lib/gcc/arm-none-eabi/13.2.1/thumb/v7-m/nofp\libg_nano.a(libc_a-lock.o)
 .debug_frame   0x000020dc       0x28 C:/Program Files (x86)/Arm GNU Toolchain arm-none-eabi/13.2 Rel1/bin/../lib/gcc/arm-none-eabi/13.2.1/thumb/v7-m/nofp\libg_nano.a(libc_a-memcpy-stub.o)
 .debug_frame   0x00002104       0x38 C:/Program Files (x86)/Arm GNU Toolchain arm-none-eabi/13.2 Rel1/bin/../lib/gcc/arm-none-eabi/13.2.1/thumb/v7-m/nofp\libg_nano.a(libc_a-freer.o)
 .debug_frame   0x0000213c       0x50 C:/Program Files (x86)/Arm GNU Toolchain arm-none-eabi/13.2 Rel1/bin/../lib/gcc/arm-none-eabi/13.2.1/thumb/v7-m/nofp\libg_nano.a(libc_a-mallocr.o)
 .debug_frame   0x0000218c       0x30 C:/Program Files (x86)/Arm GNU Toolchain arm-none-eabi/13.2 Rel1/bin/../lib/gcc/arm-none-eabi/13.2.1/thumb/v7-m/nofp\libg_nano.a(libc_a-mlock.o)
 .debug_frame   0x000021bc      0x39c C:/Program Files (x86)/Arm GNU Toolchain arm-none-eabi/13.2 Rel1/bin/../lib/gcc/arm-none-eabi/13.2.1/thumb/v7-m/nofp\librdimon_nano.a(arm_librdimon_a-syscalls.o)
 .debug_frame   0x00002558       0x20 C:/Program Files (x86)/Arm GNU Toolchain arm-none-eabi/13.2 Rel1/bin/../lib/gcc/arm-none-eabi/13.2.1/thumb/v7-m/nofp\libc_nano.a(libc_a-errno.o)
